
Circuit 1 cell sky130_fd_pr__pfet_01v8 and Circuit 2 cell sky130_fd_pr__pfet_01v8 are black boxes.
Equate elements:  no current cell.
Device classes sky130_fd_pr__pfet_01v8 and sky130_fd_pr__pfet_01v8 are equivalent.

Circuit 1 cell sky130_fd_pr__nfet_01v8 and Circuit 2 cell sky130_fd_pr__nfet_01v8 are black boxes.
Equate elements:  no current cell.
Device classes sky130_fd_pr__nfet_01v8 and sky130_fd_pr__nfet_01v8 are equivalent.

Subcircuit summary:
Circuit 1: inverter                        |Circuit 2: inverter                        
-------------------------------------------|-------------------------------------------
sky130_fd_pr__pfet_01v8 (1)                |sky130_fd_pr__pfet_01v8 (1)                
sky130_fd_pr__nfet_01v8 (1)                |sky130_fd_pr__nfet_01v8 (1)                
Number of devices: 2                       |Number of devices: 2                       
Number of nets: 4                          |Number of nets: 4                          
---------------------------------------------------------------------------------------
Netlists match uniquely.

Subcircuit pins:
Circuit 1: inverter                        |Circuit 2: inverter                        
-------------------------------------------|-------------------------------------------
Y                                          |Y                                          
A                                          |A                                          
VN                                         |VN                                         
VP                                         |VP                                         
---------------------------------------------------------------------------------------
Cell pin lists are equivalent.
Device classes inverter and inverter are equivalent.

Subcircuit summary:
Circuit 1: NAND                            |Circuit 2: NAND                            
-------------------------------------------|-------------------------------------------
sky130_fd_pr__nfet_01v8 (2)                |sky130_fd_pr__nfet_01v8 (2)                
sky130_fd_pr__pfet_01v8 (2)                |sky130_fd_pr__pfet_01v8 (2)                
Number of devices: 4                       |Number of devices: 4                       
Number of nets: 6                          |Number of nets: 6                          
---------------------------------------------------------------------------------------
Netlists match uniquely.

Subcircuit pins:
Circuit 1: NAND                            |Circuit 2: NAND                            
-------------------------------------------|-------------------------------------------
VP                                         |VP                                         
B                                          |B                                          
A                                          |A                                          
Y                                          |Y                                          
VN                                         |VN                                         
---------------------------------------------------------------------------------------
Cell pin lists are equivalent.
Device classes NAND and NAND are equivalent.

Subcircuit summary:
Circuit 1: AND                             |Circuit 2: AND                             
-------------------------------------------|-------------------------------------------
inverter (1)                               |inverter (1)                               
NAND (1)                                   |NAND (1)                                   
Number of devices: 2                       |Number of devices: 2                       
Number of nets: 6                          |Number of nets: 6                          
---------------------------------------------------------------------------------------
Netlists match uniquely.

Subcircuit pins:
Circuit 1: AND                             |Circuit 2: AND                             
-------------------------------------------|-------------------------------------------
A                                          |A                                          
B                                          |B                                          
Y                                          |Y                                          
VP                                         |VP                                         
VN                                         |VN                                         
---------------------------------------------------------------------------------------
Cell pin lists are equivalent.
Device classes AND and AND are equivalent.

Circuit 1 cell sky130_fd_pr__res_generic_po and Circuit 2 cell sky130_fd_pr__res_generic_po are black boxes.
Equate elements:  no current cell.
Device classes sky130_fd_pr__res_generic_po and sky130_fd_pr__res_generic_po are equivalent.

Subcircuit summary:
Circuit 1: AND_4                           |Circuit 2: AND_4                           
-------------------------------------------|-------------------------------------------
AND (3)                                    |AND (3)                                    
Number of devices: 3                       |Number of devices: 3                       
Number of nets: 9                          |Number of nets: 9                          
---------------------------------------------------------------------------------------
Netlists match uniquely.

Subcircuit pins:
Circuit 1: AND_4                           |Circuit 2: AND_4                           
-------------------------------------------|-------------------------------------------
VP                                         |VP                                         
VN                                         |VN                                         
Y                                          |Y                                          
C                                          |C                                          
B                                          |B                                          
D                                          |D                                          
A                                          |A                                          
---------------------------------------------------------------------------------------
Cell pin lists are equivalent.
Device classes AND_4 and AND_4 are equivalent.

Subcircuit summary:
Circuit 1: decoder                         |Circuit 2: decoder                         
-------------------------------------------|-------------------------------------------
inverter (4)                               |inverter (4)                               
AND_4 (16)                                 |AND_4 (16)                                 
Number of devices: 20                      |Number of devices: 20                      
Number of nets: 26                         |Number of nets: 26                         
---------------------------------------------------------------------------------------
Netlists match uniquely.

Subcircuit pins:
Circuit 1: decoder                         |Circuit 2: decoder                         
-------------------------------------------|-------------------------------------------
MUX2                                       |MUX2                                       
MUX3                                       |MUX3                                       
MUX4                                       |MUX4                                       
MUX8                                       |MUX8                                       
MUX5                                       |MUX5                                       
MUX9                                       |MUX9                                       
MUX6                                       |MUX6                                       
MUX10                                      |MUX10                                      
MUX7                                       |MUX7                                       
MUX11                                      |MUX11                                      
MUX12                                      |MUX12                                      
MUX13                                      |MUX13                                      
MUX14                                      |MUX14                                      
MUX15                                      |MUX15                                      
MUX1                                       |MUX1                                       
MUX0                                       |MUX0                                       
VP                                         |VP                                         
VN                                         |VN                                         
A3                                         |A3                                         
A2                                         |A2                                         
A1                                         |A1                                         
A0                                         |A0                                         
---------------------------------------------------------------------------------------
Cell pin lists are equivalent.
Device classes decoder and decoder are equivalent.
Flattening unmatched subcell DACLayoutOff in circuit DAC (0)(1 instance)
Flattening unmatched subcell exp_DAC in circuit DAC (1)(1 instance)

Class DAC (0):  Merged 73 series devices.
Subcircuit summary:
Circuit 1: DAC                             |Circuit 2: DAC                             
-------------------------------------------|-------------------------------------------
sky130_fd_pr__nfet_01v8 (16)               |sky130_fd_pr__nfet_01v8 (16)               
sky130_fd_pr__res_generic_po (91->18)      |sky130_fd_pr__res_generic_po (18)          
decoder (1)                                |decoder (1)                                
Number of devices: 35                      |Number of devices: 35                      
Number of nets: 40                         |Number of nets: 40                         
---------------------------------------------------------------------------------------
Netlists match uniquely.

Subcircuit pins:
Circuit 1: DAC                             |Circuit 2: DAC                             
-------------------------------------------|-------------------------------------------
A3                                         |A3                                         
A2                                         |A2                                         
A0                                         |A0                                         
A1                                         |A1                                         
Vout                                       |Vout                                       
VP                                         |VP                                         
VN                                         |VN                                         
---------------------------------------------------------------------------------------
Cell pin lists are equivalent.
Device classes DAC and DAC are equivalent.

Final result: Circuits match uniquely.
.
